// Jest Snapshot v1, https://goo.gl/fbAQLP

exports[`H2 Element applies mediumWeight modifier 1`] = `
.c0 {
  font-size: 2.25rem;
  margin: 0;
  text-transform: capitalize;
}

<h2
  className="c0"
>
  Header Element
</h2>
`;

exports[`H2 Element renders correctly 1`] = `
.c0 {
  font-size: 2.25rem;
  margin: 0;
  text-transform: capitalize;
}

<h2
  className="c0"
>
  Header Element
</h2>
`;
